Loading db file '/home/mariagrazia.graziano/do/libnangate/NangateOpenCellLibrary_typical_ecsm.db'
Information: Propagating switching activity (low effort zero delay simulation). (PWR-6)
Warning: Design has unannotated primary inputs. (PWR-414)
Warning: Design has unannotated sequential cell outputs. (PWR-415)
 
****************************************
Report : power
        -analysis_effort low
Design : dlx
Version: S-2021.06-SP4
Date   : Sun Sep 17 18:52:49 2023
****************************************


Library(s) Used:

    NangateOpenCellLibrary (File: /home/mariagrazia.graziano/do/libnangate/NangateOpenCellLibrary_typical_ecsm.db)


Operating Conditions: typical   Library: NangateOpenCellLibrary
Wire Load Model Mode: top

Design        Wire Load Model            Library
------------------------------------------------
dlx                    5K_hvratio_1_1    NangateOpenCellLibrary


Global Operating Voltage = 1.1  
Power-specific unit information :
    Voltage Units = 1V
    Capacitance Units = 1.000000ff
    Time Units = 1ns
    Dynamic Power Units = 1uW    (derived from V,C,T units)
    Leakage Power Units = 1nW


  Cell Internal Power  =   4.1308 mW   (93%)
  Net Switching Power  = 325.4399 uW    (7%)
                         ---------
Total Dynamic Power    =   4.4563 mW  (100%)

Cell Leakage Power     = 334.5764 uW


                 Internal         Switching           Leakage            Total
Power Group      Power            Power               Power              Power   (   %    )  Attrs
--------------------------------------------------------------------------------------------------
io_pad             0.0000            0.0000            0.0000            0.0000  (   0.00%)
memory             0.0000            0.0000            0.0000            0.0000  (   0.00%)
black_box          0.0000            0.0000            0.0000            0.0000  (   0.00%)
clock_network      0.0000            0.0000            0.0000            0.0000  (   0.00%)
register       3.9902e+03           28.8465        1.1392e+05        4.1330e+03  (  86.27%)
sequential         1.3479        9.5107e-02        1.2154e+03            2.6584  (   0.06%)
combinational    139.2948          296.5010        2.1944e+05          655.2371  (  13.68%)
--------------------------------------------------------------------------------------------------
Total          4.1308e+03 uW       325.4426 uW     3.3458e+05 nW     4.7909e+03 uW
1
